{
    "sam lines MD5": {
        "content": [
            [
                "448bf7ab4ce921321beca4ca3bd78f06",
                "20cd132495c9629016892477b8c72a55",
                "448bf7ab4ce921321beca4ca3bd78f06"
            ]
        ],
        "meta": {
            "nf-test": "0.8.4",
            "nextflow": "24.04.2"
        },
        "timestamp": "2024-06-06T15:06:18.671359449"
    },
    "raw reads": {
        "content": [
            [
                [
                    "ACGCACATTGCTAACTAAGGGCACACTAGAACCAGAATATTTCAATTCAGTGTGTAGACTTATGAAAACTATAGGTCCAGACATGTTCCTCGGAACTTGTCGGCGTTGTCCTGCTGAAATTGTTGACACTGTGAGTGCTTTGGTTTATGA",
                    "ATGTGTACATTGGCGACCCTGCTCAATTACCTGCACCACGCACATTGCTAACTAAGGGCACACTAGAACCAGAATATTTCAATTCAGTGTGTAGACTTATGAAAACTATAGGTCCAGACATGTTCCTCGGAACTTGTCGGCGTTGTCCTG",
                    "GCATAGACGGTGCTTTACTTACAAAGTCCTCAGAATACAAAGGTCCTATTACGGATGTTTTCTACAAAGAAAACAGT",
                    "GCATAGACGGTGCTTTACTTACAAAGTCCTCAGAATACAAAGGTCCTATTACGGATGTTTTCTACAAAGAAAACAGT",
                    "TAGGTGAGTTAGGTGATGTTAGAGAAACAATGAGTTACTTGTTTCAACATGCCAATTTAGATTCTTGCAAAAGAGTCTTGAACGTGGTGTGTAAAACTTGTGGACAACAGCAGACAACCCTTAAGGGTGTAGAAGCTGTTATGTAC",
                    "TTACAGAGCAAGGGCTGGTGAAGCTGCTAACTTTTGTGCACTTATCTTAGCCTACTGTAATAAGACAGTAGGTGAGTTAGGTGATGTTAGAGAAACAATGAGTTACTTGTTTCAACATGCCAATTTAGATTCTTGCAAAAGAGTCTTGAA",
                    "GTCTACAAGCTGGTAATGCAACAGAAGTGCCTGCCAATTCAACTGTATTATCTTTCTGTGCTTTTGCTGTAGATGCTGCTAAAGCTTACAAAGATTATCTAGCTAGTGGGGGACAACCAATCACTAATTGTG",
                    "GTCTACAAGCTGGTAATGCAACAGAAGTGCCTGCCAATTCAACTGTATTATCTTTCTGTGCTTTTGCTGTAGATGCTGCTAAAGCTTACAAAGATTATCTAGCTAGTGGGGGACAACCAATCACTAATTGTG",
                    "AACCAGAATATTTCAATTCAGTGTGTAGACTTATGAAAACTATAGGTCCAGACATGTTCCTCGGAACTTGTCGGCGTTGT",
                    "AACCAGAATATTTCAATTCAGTGTGTAGACTTATGAAAACTATAGGTCCAGACATGTTCCTCGGAACTTGTCGGCGTTGTCC",
                    "ACTTTCCAAAGTGCAGTCAAAAGAACAATCACGGGTACACACCACTGGTTGTTACTCACAATTTTGACTTCACTTTTAG"
                ],
                [
                    "ACGCACATTGCTAACTAAGGGCACACTAGAACCAGAATATTTCAATTCAGTGTGTAGACTTATGAAAACTATAGGTCCAGACATGTTCCTCGGAACTTGTCGGCGTTGTCCTGCTGAAATTGTTGACACTGTGAGTGCTTTGGTTTATGA",
                    "ATGTGTACATTGGCGACCCTGCTCAATTACCTGCACCACGCACATTGCTAACTAAGGGCACACTAGAACCAGAATATTTCAATTCAGTGTGTAGACTTATGAAAACTATAGGTCCAGACATGTTCCTCGGAACTTGTCGGCGTTGTCCTG",
                    "GCATAGACGGTGCTTTACTTACAAAGTCCTCAGAATACAAAGGTCCTATTACGGATGTTTTCTACAAAGAAAACAGT",
                    "GCATAGACGGTGCTTTACTTACAAAGTCCTCAGAATACAAAGGTCCTATTACGGATGTTTTCTACAAAGAAAACAGT",
                    "TAGGTGAGTTAGGTGATGTTAGAGAAACAATGAGTTACTTGTTTCAACATGCCAATTTAGATTCTTGCAAAAGAGTCTTGAACGTGGTGTGTAAAACTTGTGGACAACAGCAGACAACCCTTAAGGGTGTAGAAGCTGTTATGTAC",
                    "TTACAGAGCAAGGGCTGGTGAAGCTGCTAACTTTTGTGCACTTATCTTAGCCTACTGTAATAAGACAGTAGGTGAGTTAGGTGATGTTAGAGAAACAATGAGTTACTTGTTTCAACATGCCAATTTAGATTCTTGCAAAAGAGTCTTGAA",
                    "GTCTACAAGCTGGTAATGCAACAGAAGTGCCTGCCAATTCAACTGTATTATCTTTCTGTGCTTTTGCTGTAGATGCTGCTAAAGCTTACAAAGATTATCTAGCTAGTGGGGGACAACCAATCACTAATTGTG",
                    "GTCTACAAGCTGGTAATGCAACAGAAGTGCCTGCCAATTCAACTGTATTATCTTTCTGTGCTTTTGCTGTAGATGCTGCTAAAGCTTACAAAGATTATCTAGCTAGTGGGGGACAACCAATCACTAATTGTG",
                    "AACCAGAATATTTCAATTCAGTGTGTAGACTTATGAAAACTATAGGTCCAGACATGTTCCTCGGAACTTGTCGGCGTTGT",
                    "AACCAGAATATTTCAATTCAGTGTGTAGACTTATGAAAACTATAGGTCCAGACATGTTCCTCGGAACTTGTCGGCGTTGTCC",
                    "ACTTTCCAAAGTGCAGTCAAAAGAACAATCACGGGTACACACCACTGGTTGTTACTCACAATTTTGACTTCACTTTTAG"
                ],
                [
                    "ACGCACATTGCTAACTAAGGGCACACTAGAACCAGAATATTTCAATTCAGTGTGTAGACTTATGAAAACTATAGGTCCAGACATGTTCCTCGGAACTTGTCGGCGTTGTCCTGCTGAAATTGTTGACACTGTGAGTGCTTTGGTTTATGA",
                    "ATGTGTACATTGGCGACCCTGCTCAATTACCTGCACCACGCACATTGCTAACTAAGGGCACACTAGAACCAGAATATTTCAATTCAGTGTGTAGACTTATGAAAACTATAGGTCCAGACATGTTCCTCGGAACTTGTCGGCGTTGTCCTG",
                    "GCATAGACGGTGCTTTACTTACAAAGTCCTCAGAATACAAAGGTCCTATTACGGATGTTTTCTACAAAGAAAACAGT",
                    "GCATAGACGGTGCTTTACTTACAAAGTCCTCAGAATACAAAGGTCCTATTACGGATGTTTTCTACAAAGAAAACAGT",
                    "TAGGTGAGTTAGGTGATGTTAGAGAAACAATGAGTTACTTGTTTCAACATGCCAATTTAGATTCTTGCAAAAGAGTCTTGAACGTGGTGTGTAAAACTTGTGGACAACAGCAGACAACCCTTAAGGGTGTAGAAGCTGTTATGTAC",
                    "TTACAGAGCAAGGGCTGGTGAAGCTGCTAACTTTTGTGCACTTATCTTAGCCTACTGTAATAAGACAGTAGGTGAGTTAGGTGATGTTAGAGAAACAATGAGTTACTTGTTTCAACATGCCAATTTAGATTCTTGCAAAAGAGTCTTGAA",
                    "GTCTACAAGCTGGTAATGCAACAGAAGTGCCTGCCAATTCAACTGTATTATCTTTCTGTGCTTTTGCTGTAGATGCTGCTAAAGCTTACAAAGATTATCTAGCTAGTGGGGGACAACCAATCACTAATTGTG",
                    "GTCTACAAGCTGGTAATGCAACAGAAGTGCCTGCCAATTCAACTGTATTATCTTTCTGTGCTTTTGCTGTAGATGCTGCTAAAGCTTACAAAGATTATCTAGCTAGTGGGGGACAACCAATCACTAATTGTG",
                    "AACCAGAATATTTCAATTCAGTGTGTAGACTTATGAAAACTATAGGTCCAGACATGTTCCTCGGAACTTGTCGGCGTTGT",
                    "AACCAGAATATTTCAATTCAGTGTGTAGACTTATGAAAACTATAGGTCCAGACATGTTCCTCGGAACTTGTCGGCGTTGTCC",
                    "ACTTTCCAAAGTGCAGTCAAAAGAACAATCACGGGTACACACCACTGGTTGTTACTCACAATTTTGACTTCACTTTTAG"
                ]
            ]
        ],
        "meta": {
            "nf-test": "0.8.4",
            "nextflow": "24.04.2"
        },
        "timestamp": "2024-06-06T15:05:15.700568933"
    },
    "file types": {
        "content": [
            [
                "BAM",
                "CRAM",
                "SAM"
            ]
        ],
        "meta": {
            "nf-test": "0.8.4",
            "nextflow": "24.04.2"
        },
        "timestamp": "2024-06-06T15:06:01.26041052"
    },
    "sam lines": {
        "content": [
            [
                [
                    "ERR5069949.2151832\t83\tMT192765.1\t17453\t60\t150M\t=\t17416\t-187\tACGCACATTGCTAACTAAGGGCACACTAGAACCAGAATATTTCAATTCAGTGTGTAGACTTATGAAAACTATAGGTCCAGACATGTTCCTCGGAACTTGTCGGCGTTGTCCTGCTGAAATTGTTGACACTGTGAGTGCTTTGGTTTATGA\tAAAA<EEEEEEAEEEAEAAAAEEEEEEEEEAAAEE<EEEEEAAEEEEEEEEEEEEEEEEEEEEEEEEEEEEEEEEEEEEEEEEEEEEEEEEEEEEEAEEEEAAEEEEEEEEEEEEEEEEEEEEEEEEEEEEEEEEEEEEEEEEEAAAAAA\ts1:i:183\ts2:i:0\tRG:Z:1\tNM:i:0\tAS:i:300\tde:f:0.0\trl:i:0\tcm:i:13\tnn:i:0\ttp:A:P\tms:i:300\n",
                    "ERR5069949.2151832\t163\tMT192765.1\t17416\t60\t150M\t=\t17453\t187\tATGTGTACATTGGCGACCCTGCTCAATTACCTGCACCACGCACATTGCTAACTAAGGGCACACTAGAACCAGAATATTTCAATTCAGTGTGTAGACTTATGAAAACTATAGGTCCAGACATGTTCCTCGGAACTTGTCGGCGTTGTCCTG\tAAAAAEEEEEEEEEE/EEEEEEEEEEEEEEEEEEEEEEEEEEEEEEEEAEEEEEEEEEE/EEEEEEEEEEEEEEEEEEEEEEEEEEEEEEEEEEEEEEAAEEEEEEEAEEEEEAAEEEEEEEEEAAEAAA<<EAAEEEEEEEAAA<<<AE\ts1:i:183\ts2:i:47\tRG:Z:1\tNM:i:0\tAS:i:300\tde:f:0.0\trl:i:0\tcm:i:14\tnn:i:0\ttp:A:P\tms:i:300\n",
                    "ERR5069949.576388\t83\tMT192765.1\t5798\t50\t77M\t=\t5798\t-77\tGCATAGACGGTGCTTTACTTACAAAGTCCTCAGAATACAAAGGTCCTATTACGGATGTTTTCTACAAAGAAAACAGT\tEA/AEEE/<EEEEEEEEEEEAA<EEEEEEEEEEEEEEEEEEEEEAEEEEEAEEEAEE6/EEEAEEEEEEEEEA6AAA\ts1:i:62\ts2:i:0\tRG:Z:1\tNM:i:0\tAS:i:154\tde:f:0.0\trl:i:0\tcm:i:1\tnn:i:0\ttp:A:P\tms:i:154\n",
                    "ERR5069949.576388\t163\tMT192765.1\t5798\t60\t77M\t=\t5798\t77\tGCATAGACGGTGCTTTACTTACAAAGTCCTCAGAATACAAAGGTCCTATTACGGATGTTTTCTACAAAGAAAACAGT\tAAAAA6EEAEEEEEAEEAEEAEEEEEEA6EEEEAEEAEEEEE6EEEEEEAEEEEA///A<<EEEEEEEEEAEEEEEE\ts1:i:62\ts2:i:0\tRG:Z:1\tNM:i:0\tAS:i:154\tde:f:0.0\trl:i:0\tcm:i:10\tnn:i:0\ttp:A:P\tms:i:154\n",
                    "ERR5069949.501486\t83\tMT192765.1\t5423\t60\t146M\t=\t5355\t-214\tTAGGTGAGTTAGGTGATGTTAGAGAAACAATGAGTTACTTGTTTCAACATGCCAATTTAGATTCTTGCAAAAGAGTCTTGAACGTGGTGTGTAAAACTTGTGGACAACAGCAGACAACCCTTAAGGGTGTAGAAGCTGTTATGTAC\tEAAAAEAEEEE6E<AEEEEEEEE<EEEEEEAAEE/EEEEEE/<EEEEEEAEEEEEEEEEEEEEEEEEEEEEEEEEEEEEEEEEEEEEEEAEEEEEEEEEEAEEEEEEEEEEEEEEEEEEEEEEEEEEEEEEEEEEEEEEEEAAAAA\ts1:i:207\ts2:i:0\tRG:Z:1\tNM:i:0\tAS:i:292\tde:f:0.0\trl:i:0\tcm:i:11\tnn:i:0\ttp:A:P\tms:i:292\n",
                    "ERR5069949.501486\t163\tMT192765.1\t5355\t60\t150M\t=\t5423\t214\tTTACAGAGCAAGGGCTGGTGAAGCTGCTAACTTTTGTGCACTTATCTTAGCCTACTGTAATAAGACAGTAGGTGAGTTAGGTGATGTTAGAGAAACAATGAGTTACTTGTTTCAACATGCCAATTTAGATTCTTGCAAAAGAGTCTTGAA\tAAAAAEEEEEEEEEEEEEEEEEEEEEEEEEEEEEEEEEEEEEEEEEEEEEEEEEEEEEEEEEEEEEEEEAEEEEEEEEEEEEEEEEEEAAAAEEEEEEEEEEEEEEEEEEEEEEEEEEEAA/EEE/<AEEAAEAEA</EEEAEAAAAAEE\ts1:i:207\ts2:i:0\tRG:Z:1\tNM:i:0\tAS:i:300\tde:f:0.0\trl:i:0\tcm:i:18\tnn:i:0\ttp:A:P\tms:i:300\n",
                    "ERR5069949.1331889\t99\tMT192765.1\t13010\t60\t132M\t=\t13010\t132\tGTCTACAAGCTGGTAATGCAACAGAAGTGCCTGCCAATTCAACTGTATTATCTTTCTGTGCTTTTGCTGTAGATGCTGCTAAAGCTTACAAAGATTATCTAGCTAGTGGGGGACAACCAATCACTAATTGTG\tA/AAAEEEEEEEEEEEEEEEEEEEAEEEEAEEEEEEEEEEEAEEEEEEEEEEEEEEE/EEEEE<AEAEEEEE/EAEAEEE/AEEEEEEEEEEEEEEEEEEEEAE/EEEEEEEEEEEEEEEEEEEEEEEA<EE\ts1:i:122\ts2:i:0\tRG:Z:1\tNM:i:0\tAS:i:264\tde:f:0.0\trl:i:0\tcm:i:20\tnn:i:0\ttp:A:P\tms:i:264\n",
                    "ERR5069949.1331889\t147\tMT192765.1\t13010\t48\t132M\t=\t13010\t-132\tGTCTACAAGCTGGTAATGCAACAGAAGTGCCTGCCAATTCAACTGTATTATCTTTCTGTGCTTTTGCTGTAGATGCTGCTAAAGCTTACAAAGATTATCTAGCTAGTGGGGGACAACCAATCACTAATTGTG\tA/EEEEEAEEEEEEEEAEEEEEEEEEA<EEEEEEEEEEEEEEEEEEEEEEEEEEEEEE/EEAAEEEEEE/EEEEAEEEEEEEEEEEEEEEEEEEEEEEEEEEEEEEEAEEEEEEEEEEAEEEEEEEEAAAAA\ts1:i:26\ts2:i:122\tRG:Z:1\tNM:i:0\tAS:i:264\tde:f:0.0\trl:i:0\tcm:i:3\tnn:i:0\ttp:A:P\tms:i:264\n",
                    "ERR5069949.2161340\t99\tMT192765.1\t17482\t60\t80M\t=\t17482\t82\tAACCAGAATATTTCAATTCAGTGTGTAGACTTATGAAAACTATAGGTCCAGACATGTTCCTCGGAACTTGTCGGCGTTGT\tA/AA//EEAEA/E/AEEEE6EE/EEEA/6AEEEEEEEEE6EEEAEAEE//A/EEEEEE//E/E/A//E/E/<<EE</E/E\ts1:i:69\ts2:i:0\tRG:Z:1\tNM:i:0\tAS:i:160\tde:f:0.0\trl:i:0\tcm:i:6\tnn:i:0\ttp:A:P\tms:i:160\n",
                    "ERR5069949.2161340\t147\tMT192765.1\t17482\t55\t82M\t=\t17482\t-82\tAACCAGAATATTTCAATTCAGTGTGTAGACTTATGAAAACTATAGGTCCAGACATGTTCCTCGGAACTTGTCGGCGTTGTCC\tA//E/<EAEA/EE/EEEA/<AE<AE/AEA/EEEAE/EEE//EEE6////EEEEAEAE///EE//</E/E</AE/6EAAA6AA\ts1:i:69\ts2:i:0\tRG:Z:1\tNM:i:0\tAS:i:164\tde:f:0.0\trl:i:0\tcm:i:3\tnn:i:0\ttp:A:P\tms:i:164\n",
                    "ERR5069949.973930\t83\tMT192765.1\t10957\t50\t79M\t=\t10924\t-112\tACTTTCCAAAGTGCAGTCAAAAGAACAATCACGGGTACACACCACTGGTTGTTACTCACAATTTTGACTTCACTTTTAG\t<////E/EE/E//E/<//E/E//A/6EA/EE/EE///E/EAEEEEEEE/EEEEEEEEEEEEEEEEEEEEEEEEEAAAAA\ts1:i:101\ts2:i:0\tRG:Z:1\tNM:i:2\tAS:i:138\tde:f:0.0253\trl:i:0\tcm:i:1\tnn:i:0\ttp:A:P\tms:i:138\n"
                ],
                [
                    "ERR5069949.2151832\t83\tMT192765.1\t17453\t60\t150M\t=\t17416\t-187\tACGCACATTGCTAACTAAGGGCACACTAGAACCAGAATATTTCAATTCAGTGTGTAGACTTATGAAAACTATAGGTCCAGACATGTTCCTCGGAACTTGTCGGCGTTGTCCTGCTGAAATTGTTGACACTGTGAGTGCTTTGGTTTATGA\tAAAA<EEEEEEAEEEAEAAAAEEEEEEEEEAAAEE<EEEEEAAEEEEEEEEEEEEEEEEEEEEEEEEEEEEEEEEEEEEEEEEEEEEEEEEEEEEEAEEEEAAEEEEEEEEEEEEEEEEEEEEEEEEEEEEEEEEEEEEEEEEEAAAAAA\ts1:i:183\ts2:i:0\tRG:Z:1\tAS:i:300\tde:f:0.0\trl:i:0\tcm:i:13\tnn:i:0\ttp:A:P\tms:i:300\n",
                    "ERR5069949.2151832\t163\tMT192765.1\t17416\t60\t150M\t=\t17453\t187\tATGTGTACATTGGCGACCCTGCTCAATTACCTGCACCACGCACATTGCTAACTAAGGGCACACTAGAACCAGAATATTTCAATTCAGTGTGTAGACTTATGAAAACTATAGGTCCAGACATGTTCCTCGGAACTTGTCGGCGTTGTCCTG\tAAAAAEEEEEEEEEE/EEEEEEEEEEEEEEEEEEEEEEEEEEEEEEEEAEEEEEEEEEE/EEEEEEEEEEEEEEEEEEEEEEEEEEEEEEEEEEEEEEAAEEEEEEEAEEEEEAAEEEEEEEEEAAEAAA<<EAAEEEEEEEAAA<<<AE\ts1:i:183\ts2:i:47\tRG:Z:1\tAS:i:300\tde:f:0.0\trl:i:0\tcm:i:14\tnn:i:0\ttp:A:P\tms:i:300\n",
                    "ERR5069949.576388\t83\tMT192765.1\t5798\t50\t77M\t=\t5798\t-77\tGCATAGACGGTGCTTTACTTACAAAGTCCTCAGAATACAAAGGTCCTATTACGGATGTTTTCTACAAAGAAAACAGT\tEA/AEEE/<EEEEEEEEEEEAA<EEEEEEEEEEEEEEEEEEEEEAEEEEEAEEEAEE6/EEEAEEEEEEEEEA6AAA\ts1:i:62\ts2:i:0\tRG:Z:1\tAS:i:154\tde:f:0.0\trl:i:0\tcm:i:1\tnn:i:0\ttp:A:P\tms:i:154\n",
                    "ERR5069949.576388\t163\tMT192765.1\t5798\t60\t77M\t=\t5798\t77\tGCATAGACGGTGCTTTACTTACAAAGTCCTCAGAATACAAAGGTCCTATTACGGATGTTTTCTACAAAGAAAACAGT\tAAAAA6EEAEEEEEAEEAEEAEEEEEEA6EEEEAEEAEEEEE6EEEEEEAEEEEA///A<<EEEEEEEEEAEEEEEE\ts1:i:62\ts2:i:0\tRG:Z:1\tAS:i:154\tde:f:0.0\trl:i:0\tcm:i:10\tnn:i:0\ttp:A:P\tms:i:154\n",
                    "ERR5069949.501486\t83\tMT192765.1\t5423\t60\t146M\t=\t5355\t-214\tTAGGTGAGTTAGGTGATGTTAGAGAAACAATGAGTTACTTGTTTCAACATGCCAATTTAGATTCTTGCAAAAGAGTCTTGAACGTGGTGTGTAAAACTTGTGGACAACAGCAGACAACCCTTAAGGGTGTAGAAGCTGTTATGTAC\tEAAAAEAEEEE6E<AEEEEEEEE<EEEEEEAAEE/EEEEEE/<EEEEEEAEEEEEEEEEEEEEEEEEEEEEEEEEEEEEEEEEEEEEEEAEEEEEEEEEEAEEEEEEEEEEEEEEEEEEEEEEEEEEEEEEEEEEEEEEEEAAAAA\ts1:i:207\ts2:i:0\tRG:Z:1\tAS:i:292\tde:f:0.0\trl:i:0\tcm:i:11\tnn:i:0\ttp:A:P\tms:i:292\n",
                    "ERR5069949.501486\t163\tMT192765.1\t5355\t60\t150M\t=\t5423\t214\tTTACAGAGCAAGGGCTGGTGAAGCTGCTAACTTTTGTGCACTTATCTTAGCCTACTGTAATAAGACAGTAGGTGAGTTAGGTGATGTTAGAGAAACAATGAGTTACTTGTTTCAACATGCCAATTTAGATTCTTGCAAAAGAGTCTTGAA\tAAAAAEEEEEEEEEEEEEEEEEEEEEEEEEEEEEEEEEEEEEEEEEEEEEEEEEEEEEEEEEEEEEEEEAEEEEEEEEEEEEEEEEEEAAAAEEEEEEEEEEEEEEEEEEEEEEEEEEEAA/EEE/<AEEAAEAEA</EEEAEAAAAAEE\ts1:i:207\ts2:i:0\tRG:Z:1\tAS:i:300\tde:f:0.0\trl:i:0\tcm:i:18\tnn:i:0\ttp:A:P\tms:i:300\n",
                    "ERR5069949.1331889\t99\tMT192765.1\t13010\t60\t132M\t=\t13010\t132\tGTCTACAAGCTGGTAATGCAACAGAAGTGCCTGCCAATTCAACTGTATTATCTTTCTGTGCTTTTGCTGTAGATGCTGCTAAAGCTTACAAAGATTATCTAGCTAGTGGGGGACAACCAATCACTAATTGTG\tA/AAAEEEEEEEEEEEEEEEEEEEAEEEEAEEEEEEEEEEEAEEEEEEEEEEEEEEE/EEEEE<AEAEEEEE/EAEAEEE/AEEEEEEEEEEEEEEEEEEEEAE/EEEEEEEEEEEEEEEEEEEEEEEA<EE\ts1:i:122\ts2:i:0\tRG:Z:1\tAS:i:264\tde:f:0.0\trl:i:0\tcm:i:20\tnn:i:0\ttp:A:P\tms:i:264\n",
                    "ERR5069949.1331889\t147\tMT192765.1\t13010\t48\t132M\t=\t13010\t-132\tGTCTACAAGCTGGTAATGCAACAGAAGTGCCTGCCAATTCAACTGTATTATCTTTCTGTGCTTTTGCTGTAGATGCTGCTAAAGCTTACAAAGATTATCTAGCTAGTGGGGGACAACCAATCACTAATTGTG\tA/EEEEEAEEEEEEEEAEEEEEEEEEA<EEEEEEEEEEEEEEEEEEEEEEEEEEEEEE/EEAAEEEEEE/EEEEAEEEEEEEEEEEEEEEEEEEEEEEEEEEEEEEEAEEEEEEEEEEAEEEEEEEEAAAAA\ts1:i:26\ts2:i:122\tRG:Z:1\tAS:i:264\tde:f:0.0\trl:i:0\tcm:i:3\tnn:i:0\ttp:A:P\tms:i:264\n",
                    "ERR5069949.2161340\t99\tMT192765.1\t17482\t60\t80M\t=\t17482\t82\tAACCAGAATATTTCAATTCAGTGTGTAGACTTATGAAAACTATAGGTCCAGACATGTTCCTCGGAACTTGTCGGCGTTGT\tA/AA//EEAEA/E/AEEEE6EE/EEEA/6AEEEEEEEEE6EEEAEAEE//A/EEEEEE//E/E/A//E/E/<<EE</E/E\ts1:i:69\ts2:i:0\tRG:Z:1\tAS:i:160\tde:f:0.0\trl:i:0\tcm:i:6\tnn:i:0\ttp:A:P\tms:i:160\n",
                    "ERR5069949.2161340\t147\tMT192765.1\t17482\t55\t82M\t=\t17482\t-82\tAACCAGAATATTTCAATTCAGTGTGTAGACTTATGAAAACTATAGGTCCAGACATGTTCCTCGGAACTTGTCGGCGTTGTCC\tA//E/<EAEA/EE/EEEA/<AE<AE/AEA/EEEAE/EEE//EEE6////EEEEAEAE///EE//</E/E</AE/6EAAA6AA\ts1:i:69\ts2:i:0\tRG:Z:1\tAS:i:164\tde:f:0.0\trl:i:0\tcm:i:3\tnn:i:0\ttp:A:P\tms:i:164\n",
                    "ERR5069949.973930\t83\tMT192765.1\t10957\t50\t79M\t=\t10924\t-112\tACTTTCCAAAGTGCAGTCAAAAGAACAATCACGGGTACACACCACTGGTTGTTACTCACAATTTTGACTTCACTTTTAG\t<////E/EE/E//E/<//E/E//A/6EA/EE/EE///E/EAEEEEEEE/EEEEEEEEEEEEEEEEEEEEEEEEEAAAAA\ts1:i:101\ts2:i:0\tRG:Z:1\tAS:i:138\tde:f:0.0253\trl:i:0\tcm:i:1\tnn:i:0\ttp:A:P\tms:i:138\n"
                ],
                [
                    "ERR5069949.2151832\t83\tMT192765.1\t17453\t60\t150M\t=\t17416\t-187\tACGCACATTGCTAACTAAGGGCACACTAGAACCAGAATATTTCAATTCAGTGTGTAGACTTATGAAAACTATAGGTCCAGACATGTTCCTCGGAACTTGTCGGCGTTGTCCTGCTGAAATTGTTGACACTGTGAGTGCTTTGGTTTATGA\tAAAA<EEEEEEAEEEAEAAAAEEEEEEEEEAAAEE<EEEEEAAEEEEEEEEEEEEEEEEEEEEEEEEEEEEEEEEEEEEEEEEEEEEEEEEEEEEEAEEEEAAEEEEEEEEEEEEEEEEEEEEEEEEEEEEEEEEEEEEEEEEEAAAAAA\ts1:i:183\ts2:i:0\tRG:Z:1\tNM:i:0\tAS:i:300\tde:f:0.0\trl:i:0\tcm:i:13\tnn:i:0\ttp:A:P\tms:i:300\n",
                    "ERR5069949.2151832\t163\tMT192765.1\t17416\t60\t150M\t=\t17453\t187\tATGTGTACATTGGCGACCCTGCTCAATTACCTGCACCACGCACATTGCTAACTAAGGGCACACTAGAACCAGAATATTTCAATTCAGTGTGTAGACTTATGAAAACTATAGGTCCAGACATGTTCCTCGGAACTTGTCGGCGTTGTCCTG\tAAAAAEEEEEEEEEE/EEEEEEEEEEEEEEEEEEEEEEEEEEEEEEEEAEEEEEEEEEE/EEEEEEEEEEEEEEEEEEEEEEEEEEEEEEEEEEEEEEAAEEEEEEEAEEEEEAAEEEEEEEEEAAEAAA<<EAAEEEEEEEAAA<<<AE\ts1:i:183\ts2:i:47\tRG:Z:1\tNM:i:0\tAS:i:300\tde:f:0.0\trl:i:0\tcm:i:14\tnn:i:0\ttp:A:P\tms:i:300\n",
                    "ERR5069949.576388\t83\tMT192765.1\t5798\t50\t77M\t=\t5798\t-77\tGCATAGACGGTGCTTTACTTACAAAGTCCTCAGAATACAAAGGTCCTATTACGGATGTTTTCTACAAAGAAAACAGT\tEA/AEEE/<EEEEEEEEEEEAA<EEEEEEEEEEEEEEEEEEEEEAEEEEEAEEEAEE6/EEEAEEEEEEEEEA6AAA\ts1:i:62\ts2:i:0\tRG:Z:1\tNM:i:0\tAS:i:154\tde:f:0.0\trl:i:0\tcm:i:1\tnn:i:0\ttp:A:P\tms:i:154\n",
                    "ERR5069949.576388\t163\tMT192765.1\t5798\t60\t77M\t=\t5798\t77\tGCATAGACGGTGCTTTACTTACAAAGTCCTCAGAATACAAAGGTCCTATTACGGATGTTTTCTACAAAGAAAACAGT\tAAAAA6EEAEEEEEAEEAEEAEEEEEEA6EEEEAEEAEEEEE6EEEEEEAEEEEA///A<<EEEEEEEEEAEEEEEE\ts1:i:62\ts2:i:0\tRG:Z:1\tNM:i:0\tAS:i:154\tde:f:0.0\trl:i:0\tcm:i:10\tnn:i:0\ttp:A:P\tms:i:154\n",
                    "ERR5069949.501486\t83\tMT192765.1\t5423\t60\t146M\t=\t5355\t-214\tTAGGTGAGTTAGGTGATGTTAGAGAAACAATGAGTTACTTGTTTCAACATGCCAATTTAGATTCTTGCAAAAGAGTCTTGAACGTGGTGTGTAAAACTTGTGGACAACAGCAGACAACCCTTAAGGGTGTAGAAGCTGTTATGTAC\tEAAAAEAEEEE6E<AEEEEEEEE<EEEEEEAAEE/EEEEEE/<EEEEEEAEEEEEEEEEEEEEEEEEEEEEEEEEEEEEEEEEEEEEEEAEEEEEEEEEEAEEEEEEEEEEEEEEEEEEEEEEEEEEEEEEEEEEEEEEEEAAAAA\ts1:i:207\ts2:i:0\tRG:Z:1\tNM:i:0\tAS:i:292\tde:f:0.0\trl:i:0\tcm:i:11\tnn:i:0\ttp:A:P\tms:i:292\n",
                    "ERR5069949.501486\t163\tMT192765.1\t5355\t60\t150M\t=\t5423\t214\tTTACAGAGCAAGGGCTGGTGAAGCTGCTAACTTTTGTGCACTTATCTTAGCCTACTGTAATAAGACAGTAGGTGAGTTAGGTGATGTTAGAGAAACAATGAGTTACTTGTTTCAACATGCCAATTTAGATTCTTGCAAAAGAGTCTTGAA\tAAAAAEEEEEEEEEEEEEEEEEEEEEEEEEEEEEEEEEEEEEEEEEEEEEEEEEEEEEEEEEEEEEEEEAEEEEEEEEEEEEEEEEEEAAAAEEEEEEEEEEEEEEEEEEEEEEEEEEEAA/EEE/<AEEAAEAEA</EEEAEAAAAAEE\ts1:i:207\ts2:i:0\tRG:Z:1\tNM:i:0\tAS:i:300\tde:f:0.0\trl:i:0\tcm:i:18\tnn:i:0\ttp:A:P\tms:i:300\n",
                    "ERR5069949.1331889\t99\tMT192765.1\t13010\t60\t132M\t=\t13010\t132\tGTCTACAAGCTGGTAATGCAACAGAAGTGCCTGCCAATTCAACTGTATTATCTTTCTGTGCTTTTGCTGTAGATGCTGCTAAAGCTTACAAAGATTATCTAGCTAGTGGGGGACAACCAATCACTAATTGTG\tA/AAAEEEEEEEEEEEEEEEEEEEAEEEEAEEEEEEEEEEEAEEEEEEEEEEEEEEE/EEEEE<AEAEEEEE/EAEAEEE/AEEEEEEEEEEEEEEEEEEEEAE/EEEEEEEEEEEEEEEEEEEEEEEA<EE\ts1:i:122\ts2:i:0\tRG:Z:1\tNM:i:0\tAS:i:264\tde:f:0.0\trl:i:0\tcm:i:20\tnn:i:0\ttp:A:P\tms:i:264\n",
                    "ERR5069949.1331889\t147\tMT192765.1\t13010\t48\t132M\t=\t13010\t-132\tGTCTACAAGCTGGTAATGCAACAGAAGTGCCTGCCAATTCAACTGTATTATCTTTCTGTGCTTTTGCTGTAGATGCTGCTAAAGCTTACAAAGATTATCTAGCTAGTGGGGGACAACCAATCACTAATTGTG\tA/EEEEEAEEEEEEEEAEEEEEEEEEA<EEEEEEEEEEEEEEEEEEEEEEEEEEEEEE/EEAAEEEEEE/EEEEAEEEEEEEEEEEEEEEEEEEEEEEEEEEEEEEEAEEEEEEEEEEAEEEEEEEEAAAAA\ts1:i:26\ts2:i:122\tRG:Z:1\tNM:i:0\tAS:i:264\tde:f:0.0\trl:i:0\tcm:i:3\tnn:i:0\ttp:A:P\tms:i:264\n",
                    "ERR5069949.2161340\t99\tMT192765.1\t17482\t60\t80M\t=\t17482\t82\tAACCAGAATATTTCAATTCAGTGTGTAGACTTATGAAAACTATAGGTCCAGACATGTTCCTCGGAACTTGTCGGCGTTGT\tA/AA//EEAEA/E/AEEEE6EE/EEEA/6AEEEEEEEEE6EEEAEAEE//A/EEEEEE//E/E/A//E/E/<<EE</E/E\ts1:i:69\ts2:i:0\tRG:Z:1\tNM:i:0\tAS:i:160\tde:f:0.0\trl:i:0\tcm:i:6\tnn:i:0\ttp:A:P\tms:i:160\n",
                    "ERR5069949.2161340\t147\tMT192765.1\t17482\t55\t82M\t=\t17482\t-82\tAACCAGAATATTTCAATTCAGTGTGTAGACTTATGAAAACTATAGGTCCAGACATGTTCCTCGGAACTTGTCGGCGTTGTCC\tA//E/<EAEA/EE/EEEA/<AE<AE/AEA/EEEAE/EEE//EEE6////EEEEAEAE///EE//</E/E</AE/6EAAA6AA\ts1:i:69\ts2:i:0\tRG:Z:1\tNM:i:0\tAS:i:164\tde:f:0.0\trl:i:0\tcm:i:3\tnn:i:0\ttp:A:P\tms:i:164\n",
                    "ERR5069949.973930\t83\tMT192765.1\t10957\t50\t79M\t=\t10924\t-112\tACTTTCCAAAGTGCAGTCAAAAGAACAATCACGGGTACACACCACTGGTTGTTACTCACAATTTTGACTTCACTTTTAG\t<////E/EE/E//E/<//E/E//A/6EA/EE/EE///E/EAEEEEEEE/EEEEEEEEEEEEEEEEEEEEEEEEEAAAAA\ts1:i:101\ts2:i:0\tRG:Z:1\tNM:i:2\tAS:i:138\tde:f:0.0253\trl:i:0\tcm:i:1\tnn:i:0\ttp:A:P\tms:i:138\n"
                ]
            ]
        ],
        "meta": {
            "nf-test": "0.8.4",
            "nextflow": "24.04.2"
        },
        "timestamp": "2024-06-06T15:06:06.968034179"
    },
    "header MD5": {
        "content": [
            [
                "e5a7759c918e448cbb222ec130a6c476",
                "4ab674cd5f921b2b5c68642aeb0ab3f4"
            ]
        ],
        "meta": {
            "nf-test": "0.8.4",
            "nextflow": "24.04.2"
        },
        "timestamp": "2024-06-06T15:05:02.449909172"
    },
    "raw reads - external reference": {
        "content": [
            [
                [
                    "ACGCACATTGCTAACTAAGGGCACACTAGAACCAGAATATTTCAATTCAGTGTGTAGACTTATGAAAACTATAGGTCCAGACATGTTCCTCGGAACTTGTCGGCGTTGTCCTGCTGAAATTGTTGACACTGTGAGTGCTTTGGTTTATGA",
                    "ATGTGTACATTGGCGACCCTGCTCAATTACCTGCACCACGCACATTGCTAACTAAGGGCACACTAGAACCAGAATATTTCAATTCAGTGTGTAGACTTATGAAAACTATAGGTCCAGACATGTTCCTCGGAACTTGTCGGCGTTGTCCTG",
                    "GCATAGACGGTGCTTTACTTACAAAGTCCTCAGAATACAAAGGTCCTATTACGGATGTTTTCTACAAAGAAAACAGT",
                    "GCATAGACGGTGCTTTACTTACAAAGTCCTCAGAATACAAAGGTCCTATTACGGATGTTTTCTACAAAGAAAACAGT",
                    "TAGGTGAGTTAGGTGATGTTAGAGAAACAATGAGTTACTTGTTTCAACATGCCAATTTAGATTCTTGCAAAAGAGTCTTGAACGTGGTGTGTAAAACTTGTGGACAACAGCAGACAACCCTTAAGGGTGTAGAAGCTGTTATGTAC",
                    "TTACAGAGCAAGGGCTGGTGAAGCTGCTAACTTTTGTGCACTTATCTTAGCCTACTGTAATAAGACAGTAGGTGAGTTAGGTGATGTTAGAGAAACAATGAGTTACTTGTTTCAACATGCCAATTTAGATTCTTGCAAAAGAGTCTTGAA",
                    "GTCTACAAGCTGGTAATGCAACAGAAGTGCCTGCCAATTCAACTGTATTATCTTTCTGTGCTTTTGCTGTAGATGCTGCTAAAGCTTACAAAGATTATCTAGCTAGTGGGGGACAACCAATCACTAATTGTG",
                    "GTCTACAAGCTGGTAATGCAACAGAAGTGCCTGCCAATTCAACTGTATTATCTTTCTGTGCTTTTGCTGTAGATGCTGCTAAAGCTTACAAAGATTATCTAGCTAGTGGGGGACAACCAATCACTAATTGTG",
                    "AACCAGAATATTTCAATTCAGTGTGTAGACTTATGAAAACTATAGGTCCAGACATGTTCCTCGGAACTTGTCGGCGTTGT",
                    "AACCAGAATATTTCAATTCAGTGTGTAGACTTATGAAAACTATAGGTCCAGACATGTTCCTCGGAACTTGTCGGCGTTGTCC",
                    "ACTTTCCAAAGTGCAGTCAAAAGAACAATCACGGGTACACACCACTGGTTGTTACTCACAATTTTGACTTCACTTTTAG"
                ],
                [
                    "ACGCACATTGCTAACTAAGGGCACACTAGAACCAGAATATTTCAATTCAGTGTGTAGACTTATGAAAACTATAGGTCCAGACATGTTCCTCGGAACTTGTCGGCGTTGTCCTGCTGAAATTGTTGACACTGTGAGTGCTTTGGTTTATGA",
                    "ATGTGTACATTGGCGACCCTGCTCAATTACCTGCACCACGCACATTGCTAACTAAGGGCACACTAGAACCAGAATATTTCAATTCAGTGTGTAGACTTATGAAAACTATAGGTCCAGACATGTTCCTCGGAACTTGTCGGCGTTGTCCTG",
                    "GCATAGACGGTGCTTTACTTACAAAGTCCTCAGAATACAAAGGTCCTATTACGGATGTTTTCTACAAAGAAAACAGT",
                    "GCATAGACGGTGCTTTACTTACAAAGTCCTCAGAATACAAAGGTCCTATTACGGATGTTTTCTACAAAGAAAACAGT",
                    "TAGGTGAGTTAGGTGATGTTAGAGAAACAATGAGTTACTTGTTTCAACATGCCAATTTAGATTCTTGCAAAAGAGTCTTGAACGTGGTGTGTAAAACTTGTGGACAACAGCAGACAACCCTTAAGGGTGTAGAAGCTGTTATGTAC",
                    "TTACAGAGCAAGGGCTGGTGAAGCTGCTAACTTTTGTGCACTTATCTTAGCCTACTGTAATAAGACAGTAGGTGAGTTAGGTGATGTTAGAGAAACAATGAGTTACTTGTTTCAACATGCCAATTTAGATTCTTGCAAAAGAGTCTTGAA",
                    "GTCTACAAGCTGGTAATGCAACAGAAGTGCCTGCCAATTCAACTGTATTATCTTTCTGTGCTTTTGCTGTAGATGCTGCTAAAGCTTACAAAGATTATCTAGCTAGTGGGGGACAACCAATCACTAATTGTG",
                    "GTCTACAAGCTGGTAATGCAACAGAAGTGCCTGCCAATTCAACTGTATTATCTTTCTGTGCTTTTGCTGTAGATGCTGCTAAAGCTTACAAAGATTATCTAGCTAGTGGGGGACAACCAATCACTAATTGTG",
                    "AACCAGAATATTTCAATTCAGTGTGTAGACTTATGAAAACTATAGGTCCAGACATGTTCCTCGGAACTTGTCGGCGTTGT",
                    "AACCAGAATATTTCAATTCAGTGTGTAGACTTATGAAAACTATAGGTCCAGACATGTTCCTCGGAACTTGTCGGCGTTGTCC",
                    "ACTTTCCAAAGTGCAGTCAAAAGAACAATCACGGGTACACACCACTGGTTGTTACTCACAATTTTGACTTCACTTTTAG"
                ],
                [
                    "ACGCACATTGCTAACTAAGGGCACACTAGAACCAGAATATTTCAATTCAGTGTGTAGACTTATGAAAACTATAGGTCCAGACATGTTCCTCGGAACTTGTCGGCGTTGTCCTGCTGAAATTGTTGACACTGTGAGTGCTTTGGTTTATGA",
                    "ATGTGTACATTGGCGACCCTGCTCAATTACCTGCACCACGCACATTGCTAACTAAGGGCACACTAGAACCAGAATATTTCAATTCAGTGTGTAGACTTATGAAAACTATAGGTCCAGACATGTTCCTCGGAACTTGTCGGCGTTGTCCTG",
                    "GCATAGACGGTGCTTTACTTACAAAGTCCTCAGAATACAAAGGTCCTATTACGGATGTTTTCTACAAAGAAAACAGT",
                    "GCATAGACGGTGCTTTACTTACAAAGTCCTCAGAATACAAAGGTCCTATTACGGATGTTTTCTACAAAGAAAACAGT",
                    "TAGGTGAGTTAGGTGATGTTAGAGAAACAATGAGTTACTTGTTTCAACATGCCAATTTAGATTCTTGCAAAAGAGTCTTGAACGTGGTGTGTAAAACTTGTGGACAACAGCAGACAACCCTTAAGGGTGTAGAAGCTGTTATGTAC",
                    "TTACAGAGCAAGGGCTGGTGAAGCTGCTAACTTTTGTGCACTTATCTTAGCCTACTGTAATAAGACAGTAGGTGAGTTAGGTGATGTTAGAGAAACAATGAGTTACTTGTTTCAACATGCCAATTTAGATTCTTGCAAAAGAGTCTTGAA",
                    "GTCTACAAGCTGGTAATGCAACAGAAGTGCCTGCCAATTCAACTGTATTATCTTTCTGTGCTTTTGCTGTAGATGCTGCTAAAGCTTACAAAGATTATCTAGCTAGTGGGGGACAACCAATCACTAATTGTG",
                    "GTCTACAAGCTGGTAATGCAACAGAAGTGCCTGCCAATTCAACTGTATTATCTTTCTGTGCTTTTGCTGTAGATGCTGCTAAAGCTTACAAAGATTATCTAGCTAGTGGGGGACAACCAATCACTAATTGTG",
                    "AACCAGAATATTTCAATTCAGTGTGTAGACTTATGAAAACTATAGGTCCAGACATGTTCCTCGGAACTTGTCGGCGTTGT",
                    "AACCAGAATATTTCAATTCAGTGTGTAGACTTATGAAAACTATAGGTCCAGACATGTTCCTCGGAACTTGTCGGCGTTGTCC",
                    "ACTTTCCAAAGTGCAGTCAAAAGAACAATCACGGGTACACACCACTGGTTGTTACTCACAATTTTGACTTCACTTTTAG"
                ]
            ]
        ],
        "meta": {
            "nf-test": "0.8.4",
            "nextflow": "24.04.2"
        },
        "timestamp": "2024-06-06T15:05:36.23603148"
    },
    "raw reads MD5": {
        "content": [
            [
                "762e859a3d0ed1553655cde77665c940",
                "762e859a3d0ed1553655cde77665c940",
                "762e859a3d0ed1553655cde77665c940"
            ]
        ],
        "meta": {
            "nf-test": "0.8.4",
            "nextflow": "24.04.2"
        },
        "timestamp": "2024-06-06T15:05:49.775720647"
    },
    "header": {
        "content": [
            [
                [
                    "@HD\tVN:1.6\tSO:unsorted",
                    "@SQ\tSN:MT192765.1\tLN:29829",
                    "@RG\tID:1\tLB:lib1\tPL:ILLUMINA\tSM:test\tPU:barcode1",
                    "@PG\tID:minimap2\tPN:minimap2\tVN:2.17-r941\tCL:minimap2 -ax sr tests/data/fasta/sarscov2/GCA_011545545.1_ASM1154554v1_genomic.fna tests/data/fastq/dna/sarscov2_1.fastq.gz tests/data/fastq/dna/sarscov2_2.fastq.gz",
                    "@PG\tID:samtools\tPN:samtools\tPP:minimap2\tVN:1.11\tCL:samtools view -Sb sarscov2_aln.sam"
                ],
                [
                    "@HD\tVN:1.6\tSO:unsorted",
                    "@RG\tID:1\tLB:lib1\tPL:ILLUMINA\tSM:test\tPU:barcode1",
                    "@PG\tID:minimap2\tPN:minimap2\tVN:2.17-r941\tCL:minimap2 -ax sr tests/data/fasta/sarscov2/GCA_011545545.1_ASM1154554v1_genomic.fna tests/data/fastq/dna/sarscov2_1.fastq.gz tests/data/fastq/dna/sarscov2_2.fastq.gz",
                    "@PG\tID:samtools\tPN:samtools\tPP:minimap2\tVN:1.11\tCL:samtools view -Sb sarscov2_aln.sam",
                    "@PG\tID:samtools.1\tPN:samtools\tPP:samtools\tVN:1.15.1\tCL:samtools view -C -T genome.fasta test.paired_end.bam"
                ],
                [
                    "@HD\tVN:1.6\tSO:unsorted",
                    "@SQ\tSN:MT192765.1\tLN:29829",
                    "@RG\tID:1\tLB:lib1\tPL:ILLUMINA\tSM:test\tPU:barcode1",
                    "@PG\tID:minimap2\tPN:minimap2\tVN:2.17-r941\tCL:minimap2 -ax sr tests/data/fasta/sarscov2/GCA_011545545.1_ASM1154554v1_genomic.fna tests/data/fastq/dna/sarscov2_1.fastq.gz tests/data/fastq/dna/sarscov2_2.fastq.gz",
                    "@PG\tID:samtools\tPN:samtools\tPP:minimap2\tVN:1.11\tCL:samtools view -Sb sarscov2_aln.sam",
                    "@PG\tID:samtools.1\tPN:samtools\tPP:samtools\tVN:1.15.1\tCL:samtools view -h test.paired_end.bam"
                ]
            ]
        ],
        "meta": {
            "nf-test": "0.8.4",
            "nextflow": "24.04.2"
        },
        "timestamp": "2024-06-06T15:04:51.821423768"
    },
    "raw reads - no limit": {
        "content": [
            [
                200,
                200,
                200
            ]
        ],
        "meta": {
            "nf-test": "0.8.4",
            "nextflow": "24.04.2"
        },
        "timestamp": "2024-06-06T15:05:44.298940185"
    },
    "sam lines - no limit": {
        "content": [
            [
                200,
                200,
                200
            ]
        ],
        "meta": {
            "nf-test": "0.8.4",
            "nextflow": "24.04.2"
        },
        "timestamp": "2024-06-06T15:06:12.656764439"
    },
    "raw reads - no fasta index": {
        "content": [
            [
                [
                    "ACGCACATTGCTAACTAAGGGCACACTAGAACCAGAATATTTCAATTCAGTGTGTAGACTTATGAAAACTATAGGTCCAGACATGTTCCTCGGAACTTGTCGGCGTTGTCCTGCTGAAATTGTTGACACTGTGAGTGCTTTGGTTTATGA",
                    "ATGTGTACATTGGCGACCCTGCTCAATTACCTGCACCACGCACATTGCTAACTAAGGGCACACTAGAACCAGAATATTTCAATTCAGTGTGTAGACTTATGAAAACTATAGGTCCAGACATGTTCCTCGGAACTTGTCGGCGTTGTCCTG",
                    "GCATAGACGGTGCTTTACTTACAAAGTCCTCAGAATACAAAGGTCCTATTACGGATGTTTTCTACAAAGAAAACAGT",
                    "GCATAGACGGTGCTTTACTTACAAAGTCCTCAGAATACAAAGGTCCTATTACGGATGTTTTCTACAAAGAAAACAGT",
                    "TAGGTGAGTTAGGTGATGTTAGAGAAACAATGAGTTACTTGTTTCAACATGCCAATTTAGATTCTTGCAAAAGAGTCTTGAACGTGGTGTGTAAAACTTGTGGACAACAGCAGACAACCCTTAAGGGTGTAGAAGCTGTTATGTAC",
                    "TTACAGAGCAAGGGCTGGTGAAGCTGCTAACTTTTGTGCACTTATCTTAGCCTACTGTAATAAGACAGTAGGTGAGTTAGGTGATGTTAGAGAAACAATGAGTTACTTGTTTCAACATGCCAATTTAGATTCTTGCAAAAGAGTCTTGAA",
                    "GTCTACAAGCTGGTAATGCAACAGAAGTGCCTGCCAATTCAACTGTATTATCTTTCTGTGCTTTTGCTGTAGATGCTGCTAAAGCTTACAAAGATTATCTAGCTAGTGGGGGACAACCAATCACTAATTGTG",
                    "GTCTACAAGCTGGTAATGCAACAGAAGTGCCTGCCAATTCAACTGTATTATCTTTCTGTGCTTTTGCTGTAGATGCTGCTAAAGCTTACAAAGATTATCTAGCTAGTGGGGGACAACCAATCACTAATTGTG",
                    "AACCAGAATATTTCAATTCAGTGTGTAGACTTATGAAAACTATAGGTCCAGACATGTTCCTCGGAACTTGTCGGCGTTGT",
                    "AACCAGAATATTTCAATTCAGTGTGTAGACTTATGAAAACTATAGGTCCAGACATGTTCCTCGGAACTTGTCGGCGTTGTCC",
                    "ACTTTCCAAAGTGCAGTCAAAAGAACAATCACGGGTACACACCACTGGTTGTTACTCACAATTTTGACTTCACTTTTAG"
                ],
                [
                    "ACGCACATTGCTAACTAAGGGCACACTAGAACCAGAATATTTCAATTCAGTGTGTAGACTTATGAAAACTATAGGTCCAGACATGTTCCTCGGAACTTGTCGGCGTTGTCCTGCTGAAATTGTTGACACTGTGAGTGCTTTGGTTTATGA",
                    "ATGTGTACATTGGCGACCCTGCTCAATTACCTGCACCACGCACATTGCTAACTAAGGGCACACTAGAACCAGAATATTTCAATTCAGTGTGTAGACTTATGAAAACTATAGGTCCAGACATGTTCCTCGGAACTTGTCGGCGTTGTCCTG",
                    "GCATAGACGGTGCTTTACTTACAAAGTCCTCAGAATACAAAGGTCCTATTACGGATGTTTTCTACAAAGAAAACAGT",
                    "GCATAGACGGTGCTTTACTTACAAAGTCCTCAGAATACAAAGGTCCTATTACGGATGTTTTCTACAAAGAAAACAGT",
                    "TAGGTGAGTTAGGTGATGTTAGAGAAACAATGAGTTACTTGTTTCAACATGCCAATTTAGATTCTTGCAAAAGAGTCTTGAACGTGGTGTGTAAAACTTGTGGACAACAGCAGACAACCCTTAAGGGTGTAGAAGCTGTTATGTAC",
                    "TTACAGAGCAAGGGCTGGTGAAGCTGCTAACTTTTGTGCACTTATCTTAGCCTACTGTAATAAGACAGTAGGTGAGTTAGGTGATGTTAGAGAAACAATGAGTTACTTGTTTCAACATGCCAATTTAGATTCTTGCAAAAGAGTCTTGAA",
                    "GTCTACAAGCTGGTAATGCAACAGAAGTGCCTGCCAATTCAACTGTATTATCTTTCTGTGCTTTTGCTGTAGATGCTGCTAAAGCTTACAAAGATTATCTAGCTAGTGGGGGACAACCAATCACTAATTGTG",
                    "GTCTACAAGCTGGTAATGCAACAGAAGTGCCTGCCAATTCAACTGTATTATCTTTCTGTGCTTTTGCTGTAGATGCTGCTAAAGCTTACAAAGATTATCTAGCTAGTGGGGGACAACCAATCACTAATTGTG",
                    "AACCAGAATATTTCAATTCAGTGTGTAGACTTATGAAAACTATAGGTCCAGACATGTTCCTCGGAACTTGTCGGCGTTGT",
                    "AACCAGAATATTTCAATTCAGTGTGTAGACTTATGAAAACTATAGGTCCAGACATGTTCCTCGGAACTTGTCGGCGTTGTCC",
                    "ACTTTCCAAAGTGCAGTCAAAAGAACAATCACGGGTACACACCACTGGTTGTTACTCACAATTTTGACTTCACTTTTAG"
                ],
                [
                    "ACGCACATTGCTAACTAAGGGCACACTAGAACCAGAATATTTCAATTCAGTGTGTAGACTTATGAAAACTATAGGTCCAGACATGTTCCTCGGAACTTGTCGGCGTTGTCCTGCTGAAATTGTTGACACTGTGAGTGCTTTGGTTTATGA",
                    "ATGTGTACATTGGCGACCCTGCTCAATTACCTGCACCACGCACATTGCTAACTAAGGGCACACTAGAACCAGAATATTTCAATTCAGTGTGTAGACTTATGAAAACTATAGGTCCAGACATGTTCCTCGGAACTTGTCGGCGTTGTCCTG",
                    "GCATAGACGGTGCTTTACTTACAAAGTCCTCAGAATACAAAGGTCCTATTACGGATGTTTTCTACAAAGAAAACAGT",
                    "GCATAGACGGTGCTTTACTTACAAAGTCCTCAGAATACAAAGGTCCTATTACGGATGTTTTCTACAAAGAAAACAGT",
                    "TAGGTGAGTTAGGTGATGTTAGAGAAACAATGAGTTACTTGTTTCAACATGCCAATTTAGATTCTTGCAAAAGAGTCTTGAACGTGGTGTGTAAAACTTGTGGACAACAGCAGACAACCCTTAAGGGTGTAGAAGCTGTTATGTAC",
                    "TTACAGAGCAAGGGCTGGTGAAGCTGCTAACTTTTGTGCACTTATCTTAGCCTACTGTAATAAGACAGTAGGTGAGTTAGGTGATGTTAGAGAAACAATGAGTTACTTGTTTCAACATGCCAATTTAGATTCTTGCAAAAGAGTCTTGAA",
                    "GTCTACAAGCTGGTAATGCAACAGAAGTGCCTGCCAATTCAACTGTATTATCTTTCTGTGCTTTTGCTGTAGATGCTGCTAAAGCTTACAAAGATTATCTAGCTAGTGGGGGACAACCAATCACTAATTGTG",
                    "GTCTACAAGCTGGTAATGCAACAGAAGTGCCTGCCAATTCAACTGTATTATCTTTCTGTGCTTTTGCTGTAGATGCTGCTAAAGCTTACAAAGATTATCTAGCTAGTGGGGGACAACCAATCACTAATTGTG",
                    "AACCAGAATATTTCAATTCAGTGTGTAGACTTATGAAAACTATAGGTCCAGACATGTTCCTCGGAACTTGTCGGCGTTGT",
                    "AACCAGAATATTTCAATTCAGTGTGTAGACTTATGAAAACTATAGGTCCAGACATGTTCCTCGGAACTTGTCGGCGTTGTCC",
                    "ACTTTCCAAAGTGCAGTCAAAAGAACAATCACGGGTACACACCACTGGTTGTTACTCACAATTTTGACTTCACTTTTAG"
                ]
            ]
        ],
        "meta": {
            "nf-test": "0.8.4",
            "nextflow": "24.04.2"
        },
        "timestamp": "2024-06-06T15:05:28.165717618"
    }
}